[imdakif.wordpress.com/index.html]
[backblue.gif]
[fade.gif]
[index.html]
[s0.wp.com/wp-content/themes/pub/seedlet/style8880.css]
[imdakif.wordpress.com/feed/index.html]
[imdakif.wordpress.com/comments/feed/index.html]
[s1.wp.com/_static/indexba1f.html]
[s2.wp.com/wp-content/themes/pub/seedlet/assets/css/print6e0d.css]
[s1.wp.com/_static/index7d7d.html]
[imdakif.wordpress.com/xmlrpc0db0.php]
[s2.wp.com/i/webclip.png]
[imdakif.wordpress.com/osd.xml]
[dotcompatterns.files.wordpress.com/2021/04/frame-2.png]
[imdakif.files.wordpress.com/2023/08/untitled-design-1af90.png]
[dotcompatterns.files.wordpress.com/2021/05/frame-9-22dff.jpg]
[dotcompatterns.files.wordpress.com/2021/05/frame-102dff.jpg]
[0.gravatar.com/js/hovercards/hovercards.mind4aa.js]
[imdakif.wordpress.com/mentions/dotcomaki/index.html]
[s2.wp.com/wp-content/mu-plugins/gravatar-hovercards/wpgrohoe8bd.js]
[s2.wp.com/i/logo/wpcom-gray-white.png]
[s0.wp.com/wp-content/mu-plugins/actionbar/actionbar2866.css]
[s0.wp.com/wp-content/mu-plugins/actionbar/actionbarb516.js]
[stats.wp.com/w03af.js]
[imdakif.wordpress.com/wp-content/plugins/ie-sitemode/custom-jumplist.php]
[pixel.wp.com/b0b80.gif]
[imdakif.wordpress.com/index.html]
[s1.wp.com/_static/indexd02a.html]
[s1.wp.com/_static/indexba1f.html]
[s0.wp.com/wp-content/themes/pub/seedlet/style8880.css]
[s2.wp.com/wp-content/themes/pub/seedlet/assets/css/print6e0d.css]
[s2.wp.com/wp-content/themes/h4/globalf753.css]
[imdakif.wordpress.com/mentions/dotcomaki/feed/index.html]
[s2.wp.com/wp-content/js/devicepx5627.js]
[imdakif.wordpress.com/mentions/dotcomaki/index.html]
[s0.wp.com/wp-content/mu-plugins/actionbar/actionbar2866.css]
[imdakif.wordpress.com/wp-content/js/bilmur.min5fdd.js]
